
===========================================================================
report_checks -unconstrained
===========================================================================
======================= Typical Corner ===================================

Startpoint: wb_rst_i (input port clocked by clk)
Endpoint: _5845_ (recovery check against rising-edge clock clk)
Path Group: asynchronous
Path Type: max

Fanout     Cap    Slew   Delay    Time   Description
-----------------------------------------------------------------------------
                          0.00    0.00   clock clk (rise edge)
                          6.00    6.00   clock network delay (propagated)
                          6.00   12.00 v input external delay
                  1.05    0.00   12.00 v wb_rst_i (in)
     1    0.00                           wb_rst_i (net)
                  1.05    0.00   12.00 v hold1706/A (sky130_fd_sc_hd__dlygate4sd3_1)
                  0.05    0.93   12.93 v hold1706/X (sky130_fd_sc_hd__dlygate4sd3_1)
     1    0.00                           net1985 (net)
                  0.05    0.00   12.93 v hold790/A (sky130_fd_sc_hd__dlygate4sd3_1)
                  0.05    0.57   13.50 v hold790/X (sky130_fd_sc_hd__dlygate4sd3_1)
     1    0.00                           net1069 (net)
                  0.05    0.00   13.50 v input7/A (sky130_fd_sc_hd__buf_1)
                  0.08    0.14   13.64 v input7/X (sky130_fd_sc_hd__buf_1)
     1    0.01                           net7 (net)
                  0.08    0.00   13.64 v hold791/A (sky130_fd_sc_hd__buf_4)
                  0.11    0.24   13.87 v hold791/X (sky130_fd_sc_hd__buf_4)
     6    0.08                           net1070 (net)
                  0.11    0.01   13.88 v fanout248/A (sky130_fd_sc_hd__clkbuf_16)
                  0.13    0.26   14.15 v fanout248/X (sky130_fd_sc_hd__clkbuf_16)
    24    0.19                           net248 (net)
                  0.14    0.02   14.17 v fanout244/A (sky130_fd_sc_hd__buf_6)
                  0.10    0.23   14.40 v fanout244/X (sky130_fd_sc_hd__buf_6)
    22    0.10                           net244 (net)
                  0.10    0.00   14.40 v fanout242/A (sky130_fd_sc_hd__clkbuf_8)
                  0.11    0.24   14.64 v fanout242/X (sky130_fd_sc_hd__clkbuf_8)
    22    0.10                           net242 (net)
                  0.11    0.00   14.64 v fanout241/A (sky130_fd_sc_hd__buf_8)
                  0.08    0.21   14.85 v fanout241/X (sky130_fd_sc_hd__buf_8)
    16    0.10                           net241 (net)
                  0.08    0.00   14.85 v _5328_/A (sky130_fd_sc_hd__inv_2)
                  0.04    0.06   14.92 ^ _5328_/Y (sky130_fd_sc_hd__inv_2)
     1    0.00                           _0327_ (net)
                  0.04    0.00   14.92 ^ _5845_/RESET_B (sky130_fd_sc_hd__dfrtp_1)
                                 14.92   data arrival time

                         25.00   25.00   clock clk (rise edge)
                          4.50   29.50   clock source latency
                  0.05    0.00   29.50 ^ wb_clk_i (in)
     1    0.06                           wb_clk_i (net)
                  0.06    0.01   29.51 ^ clkbuf_0_wb_clk_i/A (sky130_fd_sc_hd__clkbuf_16)
                  0.22    0.25   29.76 ^ clkbuf_0_wb_clk_i/X (sky130_fd_sc_hd__clkbuf_16)
    16    0.21                           clknet_0_wb_clk_i (net)
                  0.22    0.01   29.77 ^ clkbuf_3_6__f_wb_clk_i/A (sky130_fd_sc_hd__clkbuf_16)
                  0.18    0.27   30.04 ^ clkbuf_3_6__f_wb_clk_i/X (sky130_fd_sc_hd__clkbuf_16)
    24    0.16                           clknet_3_6__leaf_wb_clk_i (net)
                  0.18    0.01   30.05 ^ clkbuf_leaf_80_wb_clk_i/A (sky130_fd_sc_hd__clkbuf_16)
                  0.04    0.15   30.20 ^ clkbuf_leaf_80_wb_clk_i/X (sky130_fd_sc_hd__clkbuf_16)
     3    0.01                           clknet_leaf_80_wb_clk_i (net)
                  0.04    0.00   30.20 ^ _5845_/CLK (sky130_fd_sc_hd__dfrtp_1)
                         -0.10   30.10   clock uncertainty
                          0.00   30.10   clock reconvergence pessimism
                          0.23   30.33   library recovery time
                                 30.33   data required time
-----------------------------------------------------------------------------
                                 30.33   data required time
                                -14.92   data arrival time
-----------------------------------------------------------------------------
                                 15.41   slack (MET)


Startpoint: wbs_adr_i[15] (input port clocked by clk)
Endpoint: wbs_dat_o[0] (output port clocked by clk)
Path Group: clk
Path Type: max

Fanout     Cap    Slew   Delay    Time   Description
-----------------------------------------------------------------------------
                          0.00    0.00   clock clk (rise edge)
                          6.00    6.00   clock network delay (propagated)
                          6.00   12.00 v input external delay
                  1.05    0.00   12.00 v wbs_adr_i[15] (in)
     1    0.00                           wbs_adr_i[15] (net)
                  1.05    0.00   12.00 v hold19/A (sky130_fd_sc_hd__dlygate4sd3_1)
                  0.06    0.94   12.94 v hold19/X (sky130_fd_sc_hd__dlygate4sd3_1)
     1    0.00                           net298 (net)
                  0.06    0.00   12.94 v input14/A (sky130_fd_sc_hd__clkbuf_2)
                  0.18    0.23   13.17 v input14/X (sky130_fd_sc_hd__clkbuf_2)
     6    0.05                           net14 (net)
                  0.18    0.01   13.18 v _2855_/A (sky130_fd_sc_hd__or3_2)
                  0.17    0.67   13.85 v _2855_/X (sky130_fd_sc_hd__or3_2)
     6    0.03                           _1334_ (net)
                  0.17    0.00   13.85 v _2882_/C (sky130_fd_sc_hd__or3_4)
                  0.10    0.45   14.30 v _2882_/X (sky130_fd_sc_hd__or3_4)
     7    0.03                           _1352_ (net)
                  0.10    0.00   14.30 v _4000_/B (sky130_fd_sc_hd__nor2_4)
                  0.44    0.39   14.69 ^ _4000_/Y (sky130_fd_sc_hd__nor2_4)
     8    0.07                           _2064_ (net)
                  0.44    0.00   14.69 ^ fanout157/A (sky130_fd_sc_hd__clkbuf_8)
                  0.14    0.32   15.01 ^ fanout157/X (sky130_fd_sc_hd__clkbuf_8)
     8    0.07                           net157 (net)
                  0.14    0.01   15.02 ^ hold1810/A (sky130_fd_sc_hd__clkbuf_8)
                  0.15    0.25   15.27 ^ hold1810/X (sky130_fd_sc_hd__clkbuf_8)
    14    0.08                           net2089 (net)
                  0.15    0.00   15.27 ^ hold2509/A (sky130_fd_sc_hd__dlygate4sd3_1)
                  0.79    1.15   16.42 ^ hold2509/X (sky130_fd_sc_hd__dlygate4sd3_1)
    14    0.08                           net2788 (net)
                  0.79    0.00   16.42 ^ _4027_/B (sky130_fd_sc_hd__nand2_1)
                  0.29    0.40   16.82 v _4027_/Y (sky130_fd_sc_hd__nand2_1)
     2    0.03                           _2091_ (net)
                  0.29    0.00   16.83 v _4035_/A2 (sky130_fd_sc_hd__a31o_2)
                  0.13    0.45   17.28 v _4035_/X (sky130_fd_sc_hd__a31o_2)
     2    0.05                           net86 (net)
                  0.13    0.01   17.28 v output86/A (sky130_fd_sc_hd__buf_12)
                  0.08    0.23   17.51 v output86/X (sky130_fd_sc_hd__buf_12)
     1    0.14                           wbs_dat_o[0] (net)
                  0.08    0.00   17.51 v wbs_dat_o[0] (out)
                                 17.51   data arrival time

                         25.00   25.00   clock clk (rise edge)
                          4.50   29.50   clock network delay (propagated)
                         -0.10   29.40   clock uncertainty
                          0.00   29.40   clock reconvergence pessimism
                         -8.00   21.40   output external delay
                                 21.40   data required time
-----------------------------------------------------------------------------
                                 21.40   data required time
                                -17.51   data arrival time
-----------------------------------------------------------------------------
                                  3.89   slack (MET)




===========================================================================
report_checks --slack_max -0.01
============================================================================
======================= Typical Corner ===================================

No paths found.


===========================================================================
 report_check_types -max_slew -max_cap -max_fanout -violators
============================================================================
======================= Typical Corner ===================================

max fanout

Pin                                   Limit Fanout  Slack
---------------------------------------------------------
_2734_/Y                                 20     32    -12 (VIOLATED)
fanout123/X                              20     32    -12 (VIOLATED)
fanout124/X                              20     32    -12 (VIOLATED)
fanout125/X                              20     32    -12 (VIOLATED)
fanout126/X                              20     32    -12 (VIOLATED)
fanout127/X                              20     32    -12 (VIOLATED)
fanout128/X                              20     32    -12 (VIOLATED)
fanout130/X                              20     32    -12 (VIOLATED)
fanout131/X                              20     32    -12 (VIOLATED)
fanout140/X                              20     32    -12 (VIOLATED)
fanout142/X                              20     32    -12 (VIOLATED)
fanout152/X                              20     32    -12 (VIOLATED)
fanout161/X                              20     32    -12 (VIOLATED)
fanout163/X                              20     32    -12 (VIOLATED)
fanout164/X                              20     32    -12 (VIOLATED)
fanout166/X                              20     32    -12 (VIOLATED)
fanout170/X                              20     32    -12 (VIOLATED)
fanout171/X                              20     32    -12 (VIOLATED)
fanout172/X                              20     32    -12 (VIOLATED)
fanout180/X                              20     32    -12 (VIOLATED)
fanout181/X                              20     32    -12 (VIOLATED)
fanout182/X                              20     32    -12 (VIOLATED)
fanout183/X                              20     32    -12 (VIOLATED)
fanout185/X                              20     32    -12 (VIOLATED)
fanout186/X                              20     32    -12 (VIOLATED)
fanout188/X                              20     32    -12 (VIOLATED)
fanout189/X                              20     32    -12 (VIOLATED)
fanout190/X                              20     32    -12 (VIOLATED)
fanout191/X                              20     32    -12 (VIOLATED)
fanout192/X                              20     32    -12 (VIOLATED)
fanout193/X                              20     32    -12 (VIOLATED)
fanout194/X                              20     32    -12 (VIOLATED)
fanout195/X                              20     32    -12 (VIOLATED)
fanout197/X                              20     32    -12 (VIOLATED)
fanout198/X                              20     32    -12 (VIOLATED)
fanout199/X                              20     32    -12 (VIOLATED)
fanout200/X                              20     32    -12 (VIOLATED)
fanout202/X                              20     32    -12 (VIOLATED)
fanout203/X                              20     32    -12 (VIOLATED)
fanout205/X                              20     32    -12 (VIOLATED)
fanout207/X                              20     32    -12 (VIOLATED)
fanout209/X                              20     32    -12 (VIOLATED)
fanout211/X                              20     32    -12 (VIOLATED)
fanout213/X                              20     32    -12 (VIOLATED)
fanout218/X                              20     32    -12 (VIOLATED)
fanout222/X                              20     32    -12 (VIOLATED)
fanout227/X                              20     32    -12 (VIOLATED)
fanout232/X                              20     32    -12 (VIOLATED)
fanout239/X                              20     32    -12 (VIOLATED)
fanout243/X                              20     32    -12 (VIOLATED)
fanout245/X                              20     32    -12 (VIOLATED)
fanout247/X                              20     32    -12 (VIOLATED)
fanout249/X                              20     32    -12 (VIOLATED)
fanout251/X                              20     32    -12 (VIOLATED)
fanout255/X                              20     32    -12 (VIOLATED)
fanout257/X                              20     32    -12 (VIOLATED)
fanout259/X                              20     32    -12 (VIOLATED)
fanout261/X                              20     32    -12 (VIOLATED)
fanout263/X                              20     32    -12 (VIOLATED)
hold140/X                                20     32    -12 (VIOLATED)
hold141/X                                20     32    -12 (VIOLATED)
hold182/X                                20     32    -12 (VIOLATED)
hold37/X                                 20     32    -12 (VIOLATED)
hold38/X                                 20     32    -12 (VIOLATED)
hold51/X                                 20     32    -12 (VIOLATED)
hold512/X                                20     32    -12 (VIOLATED)
hold52/X                                 20     32    -12 (VIOLATED)
hold62/X                                 20     32    -12 (VIOLATED)
_2735_/Y                                 20     30    -10 (VIOLATED)
fanout146/X                              20     30    -10 (VIOLATED)
fanout175/X                              20     30    -10 (VIOLATED)
fanout178/X                              20     30    -10 (VIOLATED)
fanout208/X                              20     30    -10 (VIOLATED)
hold514/X                                20     30    -10 (VIOLATED)
clkbuf_3_3__f_wb_clk_i/X                 20     28     -8 (VIOLATED)
clkbuf_3_5__f_wb_clk_i/X                 20     28     -8 (VIOLATED)
fanout167/X                              20     28     -8 (VIOLATED)
hold112/X                                20     28     -8 (VIOLATED)
hold1733/X                               20     28     -8 (VIOLATED)
clkbuf_3_1__f_wb_clk_i/X                 20     26     -6 (VIOLATED)
clkbuf_3_4__f_wb_clk_i/X                 20     26     -6 (VIOLATED)
fanout158/X                              20     26     -6 (VIOLATED)
fanout179/X                              20     26     -6 (VIOLATED)
fanout187/X                              20     26     -6 (VIOLATED)
_6202_/Q                                 20     24     -4 (VIOLATED)
clkbuf_3_6__f_wb_clk_i/X                 20     24     -4 (VIOLATED)
fanout176/X                              20     24     -4 (VIOLATED)
fanout220/X                              20     24     -4 (VIOLATED)
fanout221/X                              20     24     -4 (VIOLATED)
fanout231/X                              20     24     -4 (VIOLATED)
fanout234/X                              20     24     -4 (VIOLATED)
fanout248/X                              20     24     -4 (VIOLATED)
hold1263/X                               20     24     -4 (VIOLATED)
hold2263/X                               20     24     -4 (VIOLATED)
hold530/X                                20     24     -4 (VIOLATED)
input66/X                                20     24     -4 (VIOLATED)
clkbuf_3_2__f_wb_clk_i/X                 20     22     -2 (VIOLATED)
fanout228/X                              20     22     -2 (VIOLATED)
fanout242/X                              20     22     -2 (VIOLATED)
fanout244/X                              20     22     -2 (VIOLATED)
hold2234/X                               20     22     -2 (VIOLATED)
hold2281/X                               20     22     -2 (VIOLATED)



===========================================================================
report_parasitic_annotation -report_unannotated
============================================================================
Found 21 unannotated drivers.
 io_in[2]
 io_in[3]
 io_in[4]
 io_in[6]
 wbs_adr_i[24]
 wbs_adr_i[25]
 wbs_adr_i[26]
 wbs_adr_i[27]
 wbs_adr_i[28]
 wbs_adr_i[29]
 wbs_adr_i[30]
 wbs_adr_i[31]
 caravel_ips_271/HI
 caravel_ips_272/HI
 caravel_ips_273/HI
 caravel_ips_274/HI
 caravel_ips_275/HI
 caravel_ips_276/HI
 caravel_ips_277/HI
 caravel_ips_278/LO
 caravel_ips_279/LO
Found 0 partially unannotated drivers.

===========================================================================
max slew violation count 0
max fanout violation count 102
max cap violation count 0
============================================================================

===========================================================================
check_setup -verbose -unconstrained_endpoints -multiple_clock -no_clock -no_input_delay -loops -generated_clocks
===========================================================================
Warning: There are 9 unconstrained endpoints.
  io_oeb[2]
  io_oeb[3]
  io_oeb[4]
  io_oeb[5]
  io_oeb[6]
  io_oeb[7]
  io_out[5]
  io_out[7]
  irq[2]
